Copyright 1986-2019 Xilinx, Inc. All Rights Reserved.
---------------------------------------------------------------------------------------
| Tool Version : Vivado v.2019.1 (win64) Build 2552052 Fri May 24 14:49:42 MDT 2019
| Date         : Mon Nov  1 17:23:03 2021
| Host         : LAPTOP-DN1KV4GI running 64-bit major release  (build 9200)
| Command      : report_control_sets -verbose -file NEXYS4_DDR_control_sets_placed.rpt
| Design       : NEXYS4_DDR
| Device       : xc7a100t
---------------------------------------------------------------------------------------

Control Set Information

Table of Contents
-----------------
1. Summary
2. Histogram
3. Flip-Flop Distribution
4. Detailed Control Set Information

1. Summary
----------

+----------------------------------------------------------+-------+
|                          Status                          | Count |
+----------------------------------------------------------+-------+
| Total control sets                                       |   259 |
|    Minimum number of control sets                        |    70 |
|    Addition due to synthesis replication                 |     0 |
|    Addition due to physical synthesis replication        |   189 |
| Unused register locations in slices containing registers |   934 |
+----------------------------------------------------------+-------+
* Control sets can be merged at opt_design using control_set_merge or merge_equivalent_drivers
** Run report_qor_suggestions for automated merging and remapping suggestions


2. Histogram
------------

+--------------------+-------+
|       Fanout       | Count |
+--------------------+-------+
| Total control sets |   259 |
| >= 0 to < 4        |    68 |
| >= 4 to < 6        |    67 |
| >= 6 to < 8        |    55 |
| >= 8 to < 10       |    26 |
| >= 10 to < 12      |    10 |
| >= 12 to < 14      |     2 |
| >= 14 to < 16      |     1 |
| >= 16              |    30 |
+--------------------+-------+
* Control sets can be remapped at either synth_design or opt_design


3. Flip-Flop Distribution
-------------------------

+--------------+-----------------------+------------------------+-----------------+--------------+
| Clock Enable | Synchronous Set/Reset | Asynchronous Set/Reset | Total Registers | Total Slices |
+--------------+-----------------------+------------------------+-----------------+--------------+
| No           | No                    | No                     |              59 |           33 |
| No           | No                    | Yes                    |              14 |           10 |
| No           | Yes                   | No                     |             285 |          120 |
| Yes          | No                    | No                     |             179 |           74 |
| Yes          | No                    | Yes                    |              64 |           22 |
| Yes          | Yes                   | No                     |            1785 |          714 |
+--------------+-----------------------+------------------------+-----------------+--------------+


4. Detailed Control Set Information
-----------------------------------

+------------------------+------------------------------------------------------------------------------------------+-------------------------------------------------------------------------------------------------------+------------------+----------------+
|      Clock Signal      |                                       Enable Signal                                      |                                            Set/Reset Signal                                           | Slice Load Count | Bel Load Count |
+------------------------+------------------------------------------------------------------------------------------+-------------------------------------------------------------------------------------------------------+------------------+----------------+
|  sys_clk/inst/clk_out1 | sigma/sigma_tile/riscv/gensticky_genpsticky_glbl_regfile[4][31]_i_1_n_0                  | sigma/sigma_tile/sfr/sw_reset_repN_1                                                                  |                1 |              1 |
|  sys_clk/inst/clk_out1 | sigma/sigma_tile/riscv/gensticky_genpsticky_glbl_regfile[28][31]_i_1_n_0                 | sigma/sigma_tile/sfr/sw_reset_repN_1                                                                  |                1 |              1 |
|  sys_clk/inst/clk_out1 | sigma/sigma_tile/riscv/gensticky_genpsticky_glbl_regfile[17][31]_i_1_n_0                 | sigma/sigma_tile/sfr/sw_reset_repN_2                                                                  |                1 |              1 |
|  sys_clk/inst/clk_out1 | sigma/sigma_tile/riscv/gensticky_genpsticky_glbl_regfile[28][31]_i_1_n_0                 | sigma/sigma_tile/sfr/sw_reset_repN_2                                                                  |                1 |              1 |
|  sys_clk/inst/clk_out1 | sigma/sigma_tile/riscv/gensticky_genpsticky_glbl_regfile[3][31]_i_1_n_0                  | sigma/sigma_tile/sfr/sw_reset_repN                                                                    |                1 |              1 |
|  sys_clk/inst/clk_out1 | sigma/sigma_tile/riscv/gensticky_genpsticky_glbl_regfile[20][31]_i_1_n_0                 | sigma/sigma_tile/sfr/sw_reset_repN_1                                                                  |                1 |              1 |
|  sys_clk/inst/clk_out1 | sigma/sigma_tile/riscv/gensticky_genpsticky_glbl_regfile[31][31]_i_1_n_0                 | sigma/sigma_tile/sfr/sw_reset_repN_1                                                                  |                1 |              1 |
|  sys_clk/inst/clk_out1 | sigma/sigma_tile/riscv/gensticky_genpsticky_glbl_regfile[22][31]_i_1_n_0                 | sigma/sigma_tile/sfr/sw_reset_repN_1                                                                  |                1 |              1 |
|  sys_clk/inst/clk_out1 | sigma/udm/udm_controller/reset_syncbuf_reg[0]                                            |                                                                                                       |                1 |              1 |
|  sys_clk/inst/clk_out1 | sigma/sigma_tile/riscv/gensticky_genpsticky_glbl_regfile[17][31]_i_1_n_0                 | sigma/sigma_tile/sfr/sw_reset_repN                                                                    |                1 |              1 |
|  sys_clk/inst/clk_out1 | sigma/sigma_tile/riscv/gensticky_genpsticky_glbl_regfile[14][31]_i_1_n_0                 | sigma/sigma_tile/sfr/sw_reset_repN_8                                                                  |                1 |              1 |
|  sys_clk/inst/clk_out1 | sigma/sigma_tile/riscv/gensticky_genpsticky_glbl_regfile[29][31]_i_1_n_0                 | sigma/sigma_tile/sfr/sw_reset_repN                                                                    |                1 |              1 |
|  sys_clk/inst/clk_out1 | sigma/sigma_tile/riscv/gensticky_genpsticky_glbl_regfile[21][31]_i_1_n_0                 | sigma/sigma_tile/sfr/sw_reset_repN_2                                                                  |                1 |              1 |
|  sys_clk/inst/clk_out1 | sigma/sigma_tile/riscv/gensticky_genpsticky_glbl_regfile[28][31]_i_1_n_0                 | sigma/sigma_tile/sfr/sw_reset_repN                                                                    |                1 |              1 |
|  sys_clk/inst/clk_out1 | sigma/sigma_tile/riscv/gensticky_genpsticky_glbl_regfile[27][31]_i_1_n_0                 | sigma/sigma_tile/sfr/sw_reset_repN                                                                    |                1 |              1 |
|  sys_clk/inst/clk_out1 | sigma/sigma_tile/riscv/gensticky_genpsticky_glbl_regfile[23][31]_i_1_n_0                 | sigma/sigma_tile/sfr/sw_reset_repN_2                                                                  |                1 |              1 |
|  sys_clk/inst/clk_out1 | sigma/sigma_tile/riscv/gensticky_genpsticky_glbl_regfile[18][31]_i_1_n_0                 | sigma/sigma_tile/sfr/sw_reset_repN_2                                                                  |                1 |              1 |
|  sys_clk/inst/clk_out1 | sigma/sigma_tile/riscv/gensticky_genpsticky_glbl_regfile[23][31]_i_1_n_0                 | sigma/sigma_tile/sfr/sw_reset_repN                                                                    |                1 |              1 |
|  sys_clk/inst/clk_out1 | sigma/sigma_tile/riscv/gensticky_genpsticky_glbl_regfile[26][31]_i_1_n_0                 | sigma/sigma_tile/sfr/sw_reset_repN_1                                                                  |                1 |              1 |
|  sys_clk/inst/clk_out1 | sigma/sigma_tile/riscv/gensticky_genpsticky_glbl_regfile[30][31]_i_1_n_0                 | sigma/sigma_tile/sfr/sw_reset_repN_1                                                                  |                1 |              1 |
|  sys_clk/inst/clk_out1 | sigma/sigma_tile/riscv/gensticky_genpsticky_glbl_regfile[2][31]_i_1_n_0                  | sigma/sigma_tile/sfr/sw_reset_repN                                                                    |                1 |              1 |
|  sys_clk/inst/clk_out1 | sigma/sigma_tile/riscv/gensticky_genpsticky_glbl_regfile[24][31]_i_1_n_0                 | sigma/sigma_tile/sfr/sw_reset_repN_1                                                                  |                1 |              1 |
|  sys_clk/inst/clk_out1 | sigma/sigma_tile/riscv/gensticky_genpsticky_glbl_regfile[31][31]_i_1_n_0                 | sigma/sigma_tile/sfr/sw_reset_repN                                                                    |                1 |              1 |
|  sys_clk/inst/clk_out1 | sigma/sigma_tile/riscv/gensticky_genpsticky_glbl_regfile[26][31]_i_1_n_0                 | sigma/sigma_tile/sfr/sw_reset_repN_2                                                                  |                1 |              1 |
|  sys_clk/inst/clk_out1 | sigma/sigma_tile/riscv/gensticky_genpsticky_glbl_regfile[25][31]_i_1_n_0                 | sigma/sigma_tile/sfr/sw_reset_repN_1                                                                  |                1 |              1 |
|  sys_clk/inst/clk_out1 | sigma/sigma_tile/riscv/gensticky_genpsticky_glbl_regfile[16][31]_i_1_n_0                 | sigma/sigma_tile/sfr/sw_reset_repN                                                                    |                1 |              1 |
|  sys_clk/inst/clk_out1 | sigma/sigma_tile/riscv/gensticky_genpsticky_glbl_regfile[9][31]_i_1_n_0                  | sigma/sigma_tile/sfr/sw_reset_repN_2                                                                  |                1 |              1 |
|  sys_clk/inst/clk_out1 | sigma/udm/uart_tx/tx_o_i_1_n_0                                                           | sigma/reset_sync/Q[0]                                                                                 |                1 |              1 |
|  sys_clk/inst/clk_out1 | sigma/sigma_tile/riscv/gensticky_genpsticky_glbl_regfile[7][31]_i_1_n_0                  | sigma/sigma_tile/sfr/sw_reset_repN_6                                                                  |                1 |              2 |
|  sys_clk/inst/clk_out1 | sigma/sigma_tile/riscv/gensticky_genpsticky_glbl_regfile[7][31]_i_1_n_0                  | sigma/sigma_tile/sfr/sw_reset_repN_1                                                                  |                2 |              2 |
|  sys_clk/inst/clk_out1 | sigma/sigma_tile/riscv/genpstage_WB_TRX_BUF                                              | sigma/sigma_tile/sfr/sw_reset                                                                         |                1 |              2 |
|  sys_clk/inst/clk_out1 | sigma/sigma_tile/riscv/gensticky_genpsticky_glbl_regfile[25][31]_i_1_n_0                 | sigma/sigma_tile/sfr/sw_reset_repN_2                                                                  |                1 |              2 |
|  sys_clk/inst/clk_out1 | sigma/sigma_tile/riscv/gensticky_genpsticky_glbl_regfile[19][31]_i_1_n_0                 | sigma/sigma_tile/sfr/sw_reset_repN_1                                                                  |                2 |              2 |
|  sys_clk/inst/clk_out1 | sigma/sigma_tile/riscv/gensticky_genpsticky_glbl_regfile[14][31]_i_1_n_0                 | sigma/sigma_tile/sfr/sw_reset_repN_1                                                                  |                1 |              2 |
|  sys_clk/inst/clk_out1 | sigma/sigma_tile/riscv/gensticky_genpsticky_glbl_regfile[12][31]_i_1_n_0                 | sigma/sigma_tile/sfr/sw_reset_repN_8                                                                  |                1 |              2 |
|  sys_clk/inst/clk_out1 | sigma/sigma_tile/riscv/gensticky_genpsticky_glbl_regfile[31][31]_i_1_n_0                 | sigma/sigma_tile/sfr/sw_reset                                                                         |                1 |              2 |
|  sys_clk/inst/clk_out1 | sigma/sigma_tile/riscv/gensticky_genpsticky_glbl_regfile[16][31]_i_1_n_0                 | sigma/sigma_tile/sfr/sw_reset_repN_1                                                                  |                1 |              2 |
|  sys_clk/inst/clk_out1 | sigma/sigma_tile/riscv/gensticky_genpsticky_glbl_regfile[27][31]_i_1_n_0                 | sigma/sigma_tile/sfr/sw_reset_repN_2                                                                  |                2 |              2 |
|  sys_clk/inst/clk_out1 | sigma/sigma_tile/riscv/gensticky_genpsticky_glbl_regfile[27][31]_i_1_n_0                 | sigma/sigma_tile/sfr/sw_reset_repN_1                                                                  |                1 |              2 |
|  sys_clk/inst/clk_out1 | sigma/sigma_tile/riscv/gensticky_genpsticky_glbl_regfile[12][31]_i_1_n_0                 | sigma/sigma_tile/sfr/sw_reset_repN_1                                                                  |                1 |              2 |
|  sys_clk/inst/clk_out1 | sigma/sigma_tile/riscv/gensticky_genpsticky_glbl_regfile[10][31]_i_1_n_0                 | sigma/sigma_tile/sfr/sw_reset_repN_8                                                                  |                1 |              2 |
|  sys_clk/inst/clk_out1 | sigma/sigma_tile/riscv/gensticky_genpsticky_glbl_regfile[22][31]_i_1_n_0                 | sigma/sigma_tile/sfr/sw_reset_repN_2                                                                  |                1 |              2 |
|  sys_clk/inst/clk_out1 | sigma/sigma_tile/riscv/gensticky_genpsticky_glbl_regfile[15][31]_i_1_n_0                 | sigma/sigma_tile/sfr/sw_reset_repN_1                                                                  |                1 |              2 |
|  sys_clk/inst/clk_out1 | sigma/sigma_tile/riscv/gensticky_genpsticky_glbl_regfile[29][31]_i_1_n_0                 | sigma/sigma_tile/sfr/sw_reset_repN_1                                                                  |                2 |              2 |
|  sys_clk/inst/clk_out1 | sigma/sigma_tile/riscv/gensticky_genpsticky_glbl_regfile[8][31]_i_1_n_0                  | sigma/sigma_tile/sfr/sw_reset_repN_1                                                                  |                1 |              2 |
|  sys_clk/inst/clk_out1 | sigma/sigma_tile/riscv/gensticky_genpsticky_glbl_regfile[1][31]_i_1_n_0                  | sigma/sigma_tile/sfr/sw_reset_repN_6                                                                  |                1 |              2 |
|  sys_clk/inst/clk_out1 | sigma/sigma_tile/riscv/gensticky_genpsticky_glbl_regfile[21][31]_i_1_n_0                 | sigma/sigma_tile/sfr/sw_reset_repN_1                                                                  |                1 |              2 |
|  sys_clk/inst/clk_out1 | sigma/sigma_tile/riscv/gensticky_genpsticky_glbl_regfile[4][31]_i_1_n_0                  | sigma/sigma_tile/sfr/sw_reset_repN_6                                                                  |                1 |              2 |
|  sys_clk/inst/clk_out1 | sigma/sigma_tile/riscv/gensticky_genpsticky_glbl_regfile[2][31]_i_1_n_0                  | sigma/sigma_tile/sfr/sw_reset_repN_6                                                                  |                1 |              3 |
|  sys_clk/inst/clk_out1 | sigma/sigma_tile/riscv/gensticky_genpsticky_glbl_regfile[31][31]_i_1_n_0                 | sigma/sigma_tile/sfr/sw_reset_repN_2                                                                  |                2 |              3 |
|  sys_clk/inst/clk_out1 | sigma/sigma_tile/riscv/gensticky_genpsticky_glbl_regfile[18][31]_i_1_n_0                 | sigma/sigma_tile/sfr/sw_reset_repN_1                                                                  |                1 |              3 |
|  sys_clk/inst/clk_out1 | sigma/sigma_tile/riscv/gensticky_genpsticky_glbl_regfile[13][31]_i_1_n_0                 | sigma/sigma_tile/sfr/sw_reset_repN_8                                                                  |                1 |              3 |
|  sys_clk/inst/clk_out1 | sigma/sigma_tile/riscv/gensticky_genpsticky_glbl_regfile[26][31]_i_1_n_0                 | sigma/sigma_tile/sfr/sw_reset_repN_7                                                                  |                2 |              3 |
|  sys_clk/inst/clk_out1 | sigma/sigma_tile/riscv/gensticky_genpsticky_glbl_regfile[1][31]_i_1_n_0                  | sigma/sigma_tile/sfr/sw_reset_repN_5                                                                  |                1 |              3 |
|  sys_clk/inst/clk_out1 | sigma/sigma_tile/riscv/gensticky_genpstage_MEM_TRX_BUF[0][mem_cmd][0]_i_1_n_0            | sigma/sigma_tile/sfr/sw_reset_repN                                                                    |                2 |              3 |
|  sys_clk/inst/clk_out1 | sigma/sigma_tile/riscv/gensticky_genpsticky_glbl_regfile[30][31]_i_1_n_0                 | sigma/sigma_tile/sfr/sw_reset_repN_2                                                                  |                3 |              3 |
|  sys_clk/inst/clk_out1 | sigma/sigma_tile/riscv/gensticky_genpsticky_glbl_regfile[3][31]_i_1_n_0                  | sigma/sigma_tile/sfr/sw_reset_repN_5                                                                  |                1 |              3 |
|  sys_clk/inst/clk_out1 | sigma/sigma_tile/riscv/gensticky_genpsticky_glbl_regfile[3][31]_i_1_n_0                  | sigma/sigma_tile/sfr/sw_reset_repN_6                                                                  |                1 |              3 |
|  sys_clk/inst/clk_out1 | sigma/sigma_tile/riscv/gensticky_genpsticky_glbl_regfile[23][31]_i_1_n_0                 | sigma/sigma_tile/sfr/sw_reset_repN_1                                                                  |                1 |              3 |
|  sys_clk/inst/clk_out1 |                                                                                          | sigma/sigma_tile/sfr/sw_reset_repN                                                                    |                3 |              3 |
|  sys_clk/inst/clk_out1 | sigma/sigma_tile/riscv/gensticky_genpsticky_glbl_regfile[2][31]_i_1_n_0                  | sigma/sigma_tile/sfr/sw_reset_repN_5                                                                  |                1 |              3 |
|  sys_clk/inst/clk_out1 | sigma/sigma_tile/riscv/gensticky_genpsticky_glbl_regfile[5][31]_i_1_n_0                  | sigma/sigma_tile/sfr/sw_reset_repN_6                                                                  |                1 |              3 |
|  sys_clk/inst/clk_out1 | sigma/sigma_tile/riscv/gensticky_genpsticky_glbl_regfile[6][31]_i_1_n_0                  | sigma/sigma_tile/sfr/sw_reset_repN_8                                                                  |                1 |              3 |
|  sys_clk/inst/clk_out1 | sigma/sigma_tile/riscv/gensticky_genpsticky_glbl_regfile[6][31]_i_1_n_0                  | sigma/sigma_tile/sfr/sw_reset_repN_1                                                                  |                1 |              3 |
|  sys_clk/inst/clk_out1 | sigma/sigma_tile/riscv/gensticky_genpsticky_glbl_regfile[9][31]_i_1_n_0                  | sigma/sigma_tile/sfr/sw_reset_repN_1                                                                  |                1 |              3 |
|  sys_clk/inst/clk_out1 | sigma/sigma_tile/riscv/gensticky_genpsticky_glbl_regfile[10][31]_i_1_n_0                 | sigma/sigma_tile/sfr/sw_reset_repN_1                                                                  |                1 |              3 |
|  sys_clk/inst/clk_out1 | sigma/sigma_tile/riscv/gensticky_genpsticky_glbl_regfile[21][31]_i_1_n_0                 | sigma/sigma_tile/sfr/sw_reset_repN_6                                                                  |                1 |              3 |
|  sys_clk/inst/clk_out1 | sigma/sigma_tile/riscv/gensticky_genpsticky_glbl_regfile[16][31]_i_1_n_0                 | sigma/sigma_tile/sfr/sw_reset_repN_7                                                                  |                2 |              3 |
|  sys_clk/inst/clk_out1 | sigma/sigma_tile/riscv/gensticky_genpsticky_glbl_regfile[22][31]_i_1_n_0                 | sigma/sigma_tile/sfr/sw_reset_repN_6                                                                  |                4 |              4 |
|  sys_clk/inst/clk_out1 | sigma/sigma_tile/riscv/gensticky_genpsticky_glbl_regfile[11][31]_i_1_n_0                 | sigma/sigma_tile/sfr/sw_reset_repN_8                                                                  |                2 |              4 |
|  sys_clk/inst/clk_out1 | sigma/sigma_tile/riscv/gensticky_genpsticky_glbl_regfile[11][31]_i_1_n_0                 | sigma/sigma_tile/sfr/sw_reset_repN_1                                                                  |                2 |              4 |
|  sys_clk/inst/clk_out1 | sigma/sigma_tile/riscv/gensticky_genpsticky_glbl_regfile[11][31]_i_1_n_0                 | sigma/sigma_tile/sfr/sw_reset_repN_6                                                                  |                2 |              4 |
|  sys_clk/inst/clk_out1 | sigma/sigma_tile/riscv/gensticky_genpsticky_glbl_regfile[28][31]_i_1_n_0                 | sigma/sigma_tile/sfr/sw_reset_repN_7                                                                  |                2 |              4 |
|  sys_clk/inst/clk_out1 | sigma/sigma_tile/riscv/gensticky_genpsticky_glbl_regfile[13][31]_i_1_n_0                 | sigma/sigma_tile/sfr/sw_reset_repN_1                                                                  |                1 |              4 |
|  sys_clk/inst/clk_out1 | sigma/sigma_tile/riscv/gensticky_genpsticky_glbl_regfile[13][31]_i_1_n_0                 | sigma/sigma_tile/sfr/sw_reset_repN_6                                                                  |                2 |              4 |
|  sys_clk/inst/clk_out1 | sigma/sigma_tile/riscv/gensticky_genpsticky_glbl_regfile[17][31]_i_1_n_0                 | sigma/sigma_tile/sfr/sw_reset                                                                         |                3 |              4 |
|  sys_clk/inst/clk_out1 |                                                                                          | sigma/reset_sync/pss_arst                                                                             |                2 |              4 |
|  sys_clk/inst/clk_out1 | sigma/sigma_tile/riscv/gensticky_genpsticky_glbl_regfile[17][31]_i_1_n_0                 | sigma/sigma_tile/sfr/sw_reset_repN_6                                                                  |                2 |              4 |
|  sys_clk/inst/clk_out1 | sigma/sigma_tile/riscv/gensticky_genpsticky_glbl_regfile[3][31]_i_1_n_0                  | sigma/sigma_tile/sfr/sw_reset                                                                         |                2 |              4 |
|  sys_clk/inst/clk_out1 |                                                                                          | sigma/sigma_tile/sfr/sw_reset                                                                         |                1 |              4 |
|  sys_clk/inst/clk_out1 | sigma/sigma_tile/riscv/gensticky_genpsticky_glbl_regfile[23][31]_i_1_n_0                 | sigma/sigma_tile/sfr/sw_reset_repN_7                                                                  |                1 |              4 |
|  sys_clk/inst/clk_out1 | sigma/sigma_tile/riscv/gensticky_genpsticky_glbl_regfile[23][31]_i_1_n_0                 | sigma/sigma_tile/sfr/sw_reset_repN_8                                                                  |                2 |              4 |
|  sys_clk/inst/clk_out1 | sigma/sigma_tile/riscv/gensticky_genpsticky_glbl_regfile[4][31]_i_1_n_0                  | sigma/sigma_tile/sfr/sw_reset_repN_8                                                                  |                2 |              4 |
|  sys_clk/inst/clk_out1 | sigma/sigma_tile/riscv/gensticky_genpstage_EXEC_TRX_BUF[0][irq_mcause][3]_i_2_n_0        | sigma/sigma_tile/sfr/sw_reset_o_reg_0[0]                                                              |                3 |              4 |
|  sys_clk/inst/clk_out1 | sigma/sigma_tile/riscv/gensticky_genpsticky_glbl_regfile[16][31]_i_1_n_0                 | sigma/sigma_tile/sfr/sw_reset_repN_6                                                                  |                1 |              4 |
|  sys_clk/inst/clk_out1 | sigma/sigma_tile/riscv/gensticky_genpsticky_glbl_regfile[27][31]_i_1_n_0                 | sigma/sigma_tile/sfr/sw_reset_repN_8                                                                  |                3 |              4 |
|  sys_clk/inst/clk_out1 | sigma/sigma_tile/riscv/gensticky_genpsticky_glbl_regfile[5][31]_i_1_n_0                  | sigma/sigma_tile/sfr/sw_reset_repN_1                                                                  |                1 |              4 |
|  sys_clk/inst/clk_out1 | sigma/sigma_tile/riscv/gensticky_genpsticky_glbl_regfile[27][31]_i_1_n_0                 | sigma/sigma_tile/sfr/sw_reset                                                                         |                4 |              4 |
|  sys_clk/inst/clk_out1 | sigma/sigma_tile/riscv/gensticky_genpsticky_glbl_regfile[15][31]_i_1_n_0                 | sigma/sigma_tile/sfr/sw_reset_repN_5                                                                  |                3 |              4 |
|  sys_clk/inst/clk_out1 | sigma/sigma_tile/riscv/gensticky_genpsticky_glbl_regfile[30][31]_i_1_n_0                 | sigma/sigma_tile/sfr/sw_reset_repN_7                                                                  |                3 |              4 |
|  sys_clk/inst/clk_out1 | sigma/sigma_tile/riscv/gensticky_genpsticky_glbl_regfile[6][31]_i_1_n_0                  | sigma/sigma_tile/sfr/sw_reset_repN_6                                                                  |                1 |              4 |
|  sys_clk/inst/clk_out1 | sigma/sigma_tile/riscv/gensticky_genpsticky_glbl_regfile[28][31]_i_1_n_0                 | sigma/sigma_tile/sfr/sw_reset_repN_6                                                                  |                3 |              4 |
|  sys_clk/inst/clk_out1 | sigma/sigma_tile/riscv/gensticky_genpsticky_glbl_regfile[30][31]_i_1_n_0                 | sigma/sigma_tile/sfr/sw_reset                                                                         |                3 |              4 |
|  sys_clk/inst/clk_out1 | sigma/sigma_tile/riscv/gensticky_genpsticky_glbl_regfile[9][31]_i_1_n_0                  | sigma/sigma_tile/sfr/sw_reset_repN_6                                                                  |                1 |              4 |
|  sys_clk/inst/clk_out1 | sigma/sigma_tile/riscv/bus_addr_bo_reg[3][0]                                             | sigma/reset_sync/cpu_reset                                                                            |                1 |              4 |
|  sys_clk/inst/clk_out1 | sigma/udm/uart_rx/FSM_sequential_state[3]_i_1_n_0                                        | sigma/reset_sync/Q[0]                                                                                 |                1 |              4 |
|  sys_clk/inst/clk_out1 | sigma/sigma_tile/riscv/gensticky_genpsticky_glbl_regfile[18][31]_i_1_n_0                 | sigma/sigma_tile/sfr/sw_reset_repN_6                                                                  |                2 |              4 |
|  sys_clk/inst/clk_out1 | sigma/sigma_tile/riscv/gensticky_genpsticky_glbl_regfile[8][31]_i_1_n_0                  | sigma/sigma_tile/sfr/sw_reset_repN_6                                                                  |                3 |              4 |
|  sys_clk/inst/clk_out1 | sigma/sigma_tile/riscv/gensticky_genpsticky_glbl_regfile[1][31]_i_1_n_0                  | sigma/sigma_tile/sfr/sw_reset                                                                         |                1 |              5 |
|  sys_clk/inst/clk_out1 | sigma/sigma_tile/riscv/gensticky_genpsticky_glbl_regfile[7][31]_i_1_n_0                  | sigma/sigma_tile/sfr/sw_reset                                                                         |                2 |              5 |
|  sys_clk/inst/clk_out1 | sigma/sigma_tile/riscv/gensticky_genpsticky_glbl_regfile[7][31]_i_1_n_0                  | sigma/sigma_tile/sfr/sw_reset_repN_5                                                                  |                2 |              5 |
|  sys_clk/inst/clk_out1 | sigma/sigma_tile/riscv/gensticky_genpsticky_glbl_regfile[3][31]_i_1_n_0                  | sigma/sigma_tile/sfr/sw_reset_repN_1                                                                  |                2 |              5 |
|  sys_clk/inst/clk_out1 | sigma/sigma_tile/riscv/gensticky_genpsticky_glbl_regfile[12][31]_i_1_n_0                 | sigma/sigma_tile/sfr/sw_reset_repN_6                                                                  |                3 |              5 |
|  sys_clk/inst/clk_out1 | sigma/sigma_tile/riscv/gensticky_genpsticky_glbl_regfile[31][31]_i_1_n_0                 | sigma/sigma_tile/sfr/sw_reset_repN_8                                                                  |                5 |              5 |
|  sys_clk/inst/clk_out1 | sigma/sigma_tile/riscv/gensticky_genpsticky_glbl_regfile[2][31]_i_1_n_0                  | sigma/sigma_tile/sfr/sw_reset                                                                         |                2 |              5 |
|  sys_clk/inst/clk_out1 | sigma/sigma_tile/riscv/gensticky_genpsticky_glbl_regfile[24][31]_i_1_n_0                 | sigma/sigma_tile/sfr/sw_reset_repN_7                                                                  |                3 |              5 |
|  sys_clk/inst/clk_out1 | sigma/sigma_tile/riscv/gensticky_genpsticky_glbl_regfile[10][31]_i_1_n_0                 | sigma/sigma_tile/sfr/sw_reset_repN_6                                                                  |                4 |              5 |
|  sys_clk/inst/clk_out1 | sigma/sigma_tile/riscv/gensticky_genpsticky_glbl_regfile[28][31]_i_1_n_0                 | sigma/sigma_tile/sfr/sw_reset_repN_5                                                                  |                2 |              5 |
|  sys_clk/inst/clk_out1 | sigma/sigma_tile/riscv/gensticky_genpsticky_glbl_regfile[11][31]_i_1_n_0                 | sigma/sigma_tile/sfr/sw_reset                                                                         |                3 |              5 |
|  sys_clk/inst/clk_out1 | sigma/sigma_tile/riscv/gensticky_genpsticky_glbl_regfile[29][31]_i_1_n_0                 | sigma/sigma_tile/sfr/sw_reset_repN_7                                                                  |                3 |              5 |
|  sys_clk/inst/clk_out1 | sigma/sigma_tile/riscv/gensticky_genpsticky_glbl_regfile[18][31]_i_1_n_0                 | sigma/sigma_tile/sfr/sw_reset                                                                         |                3 |              5 |
|  sys_clk/inst/clk_out1 | sigma/sigma_tile/riscv/gensticky_genpsticky_glbl_regfile[4][31]_i_1_n_0                  | sigma/sigma_tile/sfr/sw_reset                                                                         |                3 |              5 |
|  sys_clk/inst/clk_out1 | sigma/sigma_tile/riscv/gensticky_genpsticky_glbl_regfile[15][31]_i_1_n_0                 | sigma/sigma_tile/sfr/sw_reset_repN_8                                                                  |                3 |              5 |
|  sys_clk/inst/clk_out1 | sigma/sigma_tile/riscv/gensticky_genpsticky_glbl_regfile[24][31]_i_1_n_0                 | sigma/sigma_tile/sfr/sw_reset                                                                         |                1 |              5 |
|  sys_clk/inst/clk_out1 | sigma/sigma_tile/riscv/gensticky_genpsticky_glbl_regfile[22][31]_i_1_n_0                 | sigma/sigma_tile/sfr/sw_reset_repN_5                                                                  |                2 |              5 |
|  sys_clk/inst/clk_out1 | sigma/sigma_tile/riscv/gensticky_genpsticky_glbl_regfile[8][31]_i_1_n_0                  | sigma/sigma_tile/sfr/sw_reset                                                                         |                2 |              5 |
|  sys_clk/inst/clk_out1 | sigma/sigma_tile/riscv/gensticky_genpsticky_glbl_regfile[8][31]_i_1_n_0                  | sigma/sigma_tile/sfr/sw_reset_repN_8                                                                  |                3 |              5 |
|  sys_clk/inst/clk_out1 | sigma/sigma_tile/riscv/gensticky_genpsticky_glbl_regfile[14][31]_i_1_n_0                 | sigma/sigma_tile/sfr/sw_reset                                                                         |                2 |              5 |
|  sys_clk/inst/clk_out1 | sigma/sigma_tile/riscv/gensticky_genpsticky_glbl_regfile[14][31]_i_1_n_0                 | sigma/sigma_tile/sfr/sw_reset_repN_6                                                                  |                1 |              5 |
|  sys_clk/inst/clk_out1 | sigma/sigma_tile/riscv/gensticky_genpsticky_glbl_regfile[5][31]_i_1_n_0                  | sigma/sigma_tile/sfr/sw_reset                                                                         |                2 |              5 |
|  sys_clk/inst/clk_out1 | sigma/sigma_tile/riscv/gensticky_genpsticky_glbl_regfile[29][31]_i_1_n_0                 | sigma/sigma_tile/sfr/sw_reset                                                                         |                3 |              5 |
|  sys_clk/inst/clk_out1 | sigma/sigma_tile/riscv/gensticky_genpsticky_glbl_regfile[19][31]_i_1_n_0                 | sigma/sigma_tile/sfr/sw_reset_repN_8                                                                  |                1 |              5 |
|  sys_clk/inst/clk_out1 | sigma/sigma_tile/riscv/gensticky_genpsticky_glbl_regfile[25][31]_i_1_n_0                 | sigma/sigma_tile/sfr/sw_reset                                                                         |                4 |              5 |
|  sys_clk/inst/clk_out1 | sigma/sigma_tile/riscv/gensticky_genpsticky_glbl_regfile[2][31]_i_1_n_0                  | sigma/sigma_tile/sfr/sw_reset_repN_1                                                                  |                1 |              5 |
|  sys_clk/inst/clk_out1 | sigma/sigma_tile/riscv/gensticky_genpsticky_glbl_regfile[19][31]_i_1_n_0                 | sigma/sigma_tile/sfr/sw_reset_repN_6                                                                  |                3 |              5 |
|  sys_clk/inst/clk_out1 | sigma/sigma_tile/riscv/gensticky_genpsticky_glbl_regfile[9][31]_i_1_n_0                  | sigma/sigma_tile/sfr/sw_reset                                                                         |                2 |              5 |
|  sys_clk/inst/clk_out1 | sigma/sigma_tile/riscv/gensticky_genpsticky_glbl_regfile[9][31]_i_1_n_0                  | sigma/sigma_tile/sfr/sw_reset_repN_8                                                                  |                4 |              5 |
|  sys_clk/inst/clk_out1 | sigma/sigma_tile/riscv/gensticky_genpsticky_glbl_regfile[30][31]_i_1_n_0                 | sigma/sigma_tile/sfr/sw_reset_repN_8                                                                  |                3 |              5 |
|  sys_clk/inst/clk_out1 | sigma/sigma_tile/riscv/gensticky_genpsticky_glbl_regfile[13][31]_i_1_n_0                 | sigma/sigma_tile/sfr/sw_reset                                                                         |                2 |              5 |
|  sys_clk/inst/clk_out1 | sigma/sigma_tile/riscv/bus_we_o_reg                                                      | sigma/sigma_tile/riscv/bus_we_o_reg_2                                                                 |                2 |              5 |
|  sys_clk/inst/clk_out1 | sigma/sigma_tile/riscv/gensticky_genpsticky_glbl_regfile[22][31]_i_1_n_0                 | sigma/sigma_tile/sfr/sw_reset_repN_7                                                                  |                2 |              5 |
|  sys_clk/inst/clk_out1 | sigma/sigma_tile/riscv/gensticky_genpsticky_glbl_regfile[25][31]_i_1_n_0                 | sigma/sigma_tile/sfr/sw_reset_repN_7                                                                  |                4 |              5 |
|  sys_clk/inst/clk_out1 | sigma/sigma_tile/riscv/gensticky_genpsticky_glbl_regfile[10][31]_i_1_n_0                 | sigma/sigma_tile/sfr/sw_reset                                                                         |                3 |              5 |
|  sys_clk/inst/clk_out1 | sigma/sigma_tile/riscv/gensticky_genpsticky_glbl_regfile[23][31]_i_1_n_0                 | sigma/sigma_tile/sfr/sw_reset_repN_6                                                                  |                2 |              5 |
|  sys_clk/inst/clk_out1 | sigma/udm/udm_controller/reset_syncbuf_reg[0]                                            | sigma/reset_sync/reset_syncbuf_reg[0]_0                                                               |                2 |              5 |
|  sys_clk/inst/clk_out1 | sigma/sigma_tile/riscv/gensticky_genpsticky_glbl_regfile[30][31]_i_1_n_0                 | sigma/sigma_tile/sfr/sw_reset_repN_6                                                                  |                3 |              6 |
|  sys_clk/inst/clk_out1 | sigma/sigma_tile/riscv/gensticky_genpsticky_glbl_regfile[27][31]_i_1_n_0                 | sigma/sigma_tile/sfr/sw_reset_repN_5                                                                  |                1 |              6 |
|  sys_clk/inst/clk_out1 | sigma/sigma_tile/riscv/gensticky_genpsticky_glbl_regfile[27][31]_i_1_n_0                 | sigma/sigma_tile/sfr/sw_reset_repN_7                                                                  |                2 |              6 |
|  sys_clk/inst/clk_out1 | sigma/sigma_tile/riscv/gensticky_genpsticky_glbl_regfile[31][31]_i_1_n_0                 | sigma/sigma_tile/sfr/sw_reset_repN_5                                                                  |                3 |              6 |
|  sys_clk/inst/clk_out1 | sigma/sigma_tile/riscv/gensticky_genpsticky_glbl_regfile[31][31]_i_1_n_0                 | sigma/sigma_tile/sfr/sw_reset_repN_6                                                                  |                4 |              6 |
|  sys_clk/inst/clk_out1 | sigma/sigma_tile/riscv/gensticky_genpsticky_glbl_regfile[25][31]_i_1_n_0                 | sigma/sigma_tile/sfr/sw_reset_repN_5                                                                  |                4 |              6 |
|  sys_clk/inst/clk_out1 | sigma/sigma_tile/riscv/gensticky_genpsticky_glbl_regfile[25][31]_i_1_n_0                 | sigma/sigma_tile/sfr/sw_reset_repN_6                                                                  |                2 |              6 |
|  sys_clk/inst/clk_out1 | sigma/sigma_tile/riscv/gensticky_genpsticky_glbl_regfile[3][31]_i_1_n_0                  | sigma/sigma_tile/sfr/sw_reset_repN_8                                                                  |                3 |              6 |
|  sys_clk/inst/clk_out1 | sigma/sigma_tile/riscv/gensticky_genpsticky_glbl_regfile[16][31]_i_1_n_0                 | sigma/sigma_tile/sfr/sw_reset                                                                         |                1 |              6 |
|  sys_clk/inst/clk_out1 | sigma/sigma_tile/riscv/gensticky_genpsticky_glbl_regfile[15][31]_i_1_n_0                 | sigma/sigma_tile/sfr/sw_reset                                                                         |                3 |              6 |
|  sys_clk/inst/clk_out1 | sigma/sigma_tile/riscv/gensticky_genpsticky_glbl_regfile[15][31]_i_1_n_0                 | sigma/sigma_tile/sfr/sw_reset_repN_6                                                                  |                3 |              6 |
|  sys_clk/inst/clk_out1 | sigma/sigma_tile/riscv/gensticky_genpsticky_glbl_regfile[21][31]_i_1_n_0                 | sigma/sigma_tile/sfr/sw_reset                                                                         |                4 |              6 |
|  sys_clk/inst/clk_out1 | sigma/sigma_tile/riscv/gensticky_genpsticky_glbl_regfile[21][31]_i_1_n_0                 | sigma/sigma_tile/sfr/sw_reset_repN_7                                                                  |                3 |              6 |
|  sys_clk/inst/clk_out1 | sigma/sigma_tile/riscv/gensticky_genpsticky_glbl_regfile[18][31]_i_1_n_0                 | sigma/sigma_tile/sfr/sw_reset_repN_7                                                                  |                2 |              6 |
|  sys_clk/inst/clk_out1 | sigma/sigma_tile/riscv/gensticky_genpsticky_glbl_regfile[11][31]_i_1_n_0                 | sigma/sigma_tile/sfr/sw_reset_repN_5                                                                  |                4 |              6 |
|  sys_clk/inst/clk_out1 | sigma/sigma_tile/riscv/gensticky_genpsticky_glbl_regfile[19][31]_i_1_n_0                 | sigma/sigma_tile/sfr/sw_reset                                                                         |                3 |              6 |
|  sys_clk/inst/clk_out1 | sigma/sigma_tile/riscv/gensticky_genpsticky_glbl_regfile[8][31]_i_1_n_0                  | sigma/sigma_tile/sfr/sw_reset_repN_5                                                                  |                1 |              6 |
|  sys_clk/inst/clk_out1 | sigma/sigma_tile/riscv/gensticky_genpsticky_glbl_regfile[19][31]_i_1_n_0                 | sigma/sigma_tile/sfr/sw_reset_repN_7                                                                  |                3 |              6 |
|  sys_clk/inst/clk_out1 | sigma/sigma_tile/riscv/gensticky_genpsticky_glbl_regfile[17][31]_i_1_n_0                 | sigma/sigma_tile/sfr/sw_reset_repN_8                                                                  |                2 |              6 |
|  sys_clk/inst/clk_out1 | sigma/sigma_tile/riscv/gensticky_genpsticky_glbl_regfile[5][31]_i_1_n_0                  | sigma/sigma_tile/sfr/sw_reset_repN_8                                                                  |                4 |              6 |
|  sys_clk/inst/clk_out1 | sigma/sigma_tile/riscv/gensticky_genpsticky_glbl_regfile[17][31]_i_1_n_0                 | sigma/sigma_tile/sfr/sw_reset_repN_5                                                                  |                1 |              6 |
|  sys_clk/inst/clk_out1 | sigma/sigma_tile/riscv/gensticky_genpsticky_glbl_regfile[5][31]_i_1_n_0                  | sigma/sigma_tile/sfr/sw_reset_repN_5                                                                  |                3 |              6 |
|  sys_clk/inst/clk_out1 | sigma/sigma_tile/riscv/gensticky_genpsticky_glbl_regfile[20][31]_i_1_n_0                 | sigma/sigma_tile/sfr/sw_reset_repN_8                                                                  |                3 |              6 |
|  sys_clk/inst/clk_out1 | sigma/sigma_tile/riscv/gensticky_genpsticky_glbl_regfile[6][31]_i_1_n_0                  | sigma/sigma_tile/sfr/sw_reset                                                                         |                3 |              6 |
|  sys_clk/inst/clk_out1 | sigma/sigma_tile/riscv/gensticky_genpsticky_glbl_regfile[20][31]_i_1_n_0                 | sigma/sigma_tile/sfr/sw_reset_repN_5                                                                  |                2 |              6 |
|  sys_clk/inst/clk_out1 | sigma/sigma_tile/riscv/gensticky_genpsticky_glbl_regfile[20][31]_i_1_n_0                 | sigma/sigma_tile/sfr/sw_reset_repN_6                                                                  |                2 |              6 |
|  sys_clk/inst/clk_out1 | sigma/sigma_tile/riscv/gensticky_genpsticky_glbl_regfile[6][31]_i_1_n_0                  | sigma/sigma_tile/sfr/sw_reset_repN_5                                                                  |                3 |              6 |
|  sys_clk/inst/clk_out1 | sigma/sigma_tile/riscv/gensticky_genpsticky_glbl_regfile[20][31]_i_1_n_0                 | sigma/sigma_tile/sfr/sw_reset_repN_7                                                                  |                3 |              6 |
|  sys_clk/inst/clk_out1 | sigma/sigma_tile/riscv/gensticky_genpsticky_glbl_regfile[1][31]_i_1_n_0                  | sigma/sigma_tile/sfr/sw_reset_repN_1                                                                  |                3 |              6 |
|  sys_clk/inst/clk_out1 | sigma/sigma_tile/riscv/gensticky_genpsticky_glbl_regfile[29][31]_i_1_n_0                 | sigma/sigma_tile/sfr/sw_reset_repN_5                                                                  |                2 |              6 |
|  sys_clk/inst/clk_out1 | sigma/sigma_tile/riscv/gensticky_genpsticky_glbl_regfile[29][31]_i_1_n_0                 | sigma/sigma_tile/sfr/sw_reset_repN_6                                                                  |                3 |              6 |
|  sys_clk/inst/clk_out1 | sigma/sigma_tile/riscv/gensticky_genpsticky_glbl_regfile[28][31]_i_1_n_0                 | sigma/sigma_tile/sfr/sw_reset                                                                         |                3 |              6 |
|  sys_clk/inst/clk_out1 | sigma/sigma_tile/riscv/gensticky_genpsticky_glbl_regfile[18][31]_i_1_n_0                 | sigma/sigma_tile/sfr/sw_reset_repN_5                                                                  |                1 |              6 |
|  sys_clk/inst/clk_out1 | sigma/sigma_tile/riscv/gensticky_genpsticky_glbl_regfile[24][31]_i_1_n_0                 | sigma/sigma_tile/sfr/sw_reset_repN_6                                                                  |                2 |              6 |
|  sys_clk/inst/clk_out1 | sigma/sigma_tile/riscv/gensticky_genpsticky_glbl_regfile[2][31]_i_1_n_0                  | sigma/sigma_tile/sfr/sw_reset_repN_8                                                                  |                4 |              6 |
|  sys_clk/inst/clk_out1 | sigma/sigma_tile/riscv/gensticky_genpsticky_glbl_regfile[26][31]_i_1_n_0                 | sigma/sigma_tile/sfr/sw_reset                                                                         |                3 |              6 |
|  sys_clk/inst/clk_out1 | sigma/sigma_tile/riscv/gensticky_genpsticky_glbl_regfile[26][31]_i_1_n_0                 | sigma/sigma_tile/sfr/sw_reset_repN_5                                                                  |                1 |              6 |
|  sys_clk/inst/clk_out1 | sigma/sigma_tile/riscv/gensticky_genpsticky_glbl_regfile[26][31]_i_1_n_0                 | sigma/sigma_tile/sfr/sw_reset_repN_6                                                                  |                2 |              6 |
|  sys_clk/inst/clk_out1 | sigma/sigma_tile/riscv/gensticky_genpsticky_glbl_regfile[29][31]_i_1_n_0                 | sigma/sigma_tile/sfr/sw_reset_repN_8                                                                  |                4 |              7 |
|  sys_clk/inst/clk_out1 | sigma/sigma_tile/riscv/gensticky_genpsticky_glbl_regfile[24][31]_i_1_n_0                 | sigma/sigma_tile/sfr/sw_reset_repN_5                                                                  |                1 |              7 |
|  sys_clk/inst/clk_out1 | sigma/sigma_tile/riscv/gensticky_genpsticky_glbl_regfile[20][31]_i_1_n_0                 | sigma/sigma_tile/sfr/sw_reset                                                                         |                2 |              7 |
|  sys_clk/inst/clk_out1 | sigma/sigma_tile/riscv/gensticky_genpsticky_glbl_regfile[25][31]_i_1_n_0                 | sigma/sigma_tile/sfr/sw_reset_repN_8                                                                  |                2 |              7 |
|  sys_clk/inst/clk_out1 | sigma/sigma_tile/riscv/gensticky_genpsticky_glbl_regfile[27][31]_i_1_n_0                 | sigma/sigma_tile/sfr/sw_reset_repN_6                                                                  |                3 |              7 |
|  sys_clk/inst/clk_out1 | sigma/sigma_tile/riscv/gensticky_genpsticky_glbl_regfile[23][31]_i_1_n_0                 | sigma/sigma_tile/sfr/sw_reset                                                                         |                3 |              7 |
|  sys_clk/inst/clk_out1 | sigma/sigma_tile/riscv/gensticky_genpsticky_glbl_regfile[13][31]_i_1_n_0                 | sigma/sigma_tile/sfr/sw_reset_repN_5                                                                  |                1 |              7 |
|  sys_clk/inst/clk_out1 | sigma/sigma_tile/riscv/gensticky_genpsticky_glbl_regfile[23][31]_i_1_n_0                 | sigma/sigma_tile/sfr/sw_reset_repN_5                                                                  |                3 |              7 |
|  sys_clk/inst/clk_out1 | sigma/sigma_tile/riscv/gensticky_genpsticky_glbl_regfile[7][31]_i_1_n_0                  | sigma/sigma_tile/sfr/sw_reset_repN_8                                                                  |                6 |              7 |
|  sys_clk/inst/clk_out1 | sigma/sigma_tile/riscv/gensticky_genpsticky_glbl_regfile[12][31]_i_1_n_0                 | sigma/sigma_tile/sfr/sw_reset_repN_5                                                                  |                5 |              7 |
|  sys_clk/inst/clk_out1 | sigma/sigma_tile/riscv/gensticky_genpsticky_glbl_regfile[12][31]_i_1_n_0                 | sigma/sigma_tile/sfr/sw_reset_repN_7                                                                  |                2 |              7 |
|  sys_clk/inst/clk_out1 | sigma/sigma_tile/riscv/gensticky_genpsticky_glbl_regfile[21][31]_i_1_n_0                 | sigma/sigma_tile/sfr/sw_reset_repN_5                                                                  |                2 |              7 |
|  sys_clk/inst/clk_out1 | sigma/sigma_tile/riscv/gensticky_genpsticky_glbl_regfile[22][31]_i_1_n_0                 | sigma/sigma_tile/sfr/sw_reset                                                                         |                1 |              7 |
|  sys_clk/inst/clk_out1 | sigma/sigma_tile/riscv/gensticky_genpsticky_glbl_regfile[21][31]_i_1_n_0                 | sigma/sigma_tile/sfr/sw_reset_repN_8                                                                  |                1 |              7 |
|  sys_clk/inst/clk_out1 | sigma/sigma_tile/riscv/gensticky_genpsticky_glbl_regfile[18][31]_i_1_n_0                 | sigma/sigma_tile/sfr/sw_reset_repN_8                                                                  |                2 |              7 |
|  sys_clk/inst/clk_out1 | sigma/sigma_tile/riscv/gensticky_genpsticky_glbl_regfile[9][31]_i_1_n_0                  | sigma/sigma_tile/sfr/sw_reset_repN_5                                                                  |                4 |              7 |
|  sys_clk/inst/clk_out1 | sigma/sigma_tile/riscv/gensticky_genpsticky_glbl_regfile[9][31]_i_1_n_0                  | sigma/sigma_tile/sfr/sw_reset_repN_7                                                                  |                3 |              7 |
|  sys_clk/inst/clk_out1 | sigma/sigma_tile/riscv/gensticky_genpsticky_glbl_regfile[5][31]_i_1_n_0                  | sigma/sigma_tile/sfr/sw_reset_repN_7                                                                  |                2 |              8 |
|  sys_clk/inst/clk_out1 | sigma/sigma_tile/riscv/gensticky_genpsticky_glbl_regfile[31][31]_i_1_n_0                 | sigma/sigma_tile/sfr/sw_reset_repN_7                                                                  |                3 |              8 |
|  sys_clk/inst/clk_out1 | sigma/sigma_tile/riscv/gensticky_genpsticky_glbl_regfile[1][31]_i_1_n_0                  | sigma/sigma_tile/sfr/sw_reset_repN_8                                                                  |                2 |              8 |
|  sys_clk/inst/clk_out1 | sigma/sigma_tile/riscv/gensticky_genpsticky_glbl_regfile[19][31]_i_1_n_0                 | sigma/sigma_tile/sfr/sw_reset_repN_5                                                                  |                1 |              8 |
|  sys_clk/inst/clk_out1 | sigma/sigma_tile/riscv/gensticky_genpsticky_glbl_regfile[24][31]_i_1_n_0                 | sigma/sigma_tile/sfr/sw_reset_repN_8                                                                  |                3 |              8 |
|  sys_clk/inst/clk_out1 | sigma/sigma_tile/riscv/gensticky_genpsticky_glbl_regfile[1][31]_i_1_n_0                  | sigma/sigma_tile/sfr/sw_reset_repN_7                                                                  |                2 |              8 |
|  sys_clk/inst/clk_out1 |                                                                                          | sigma/udm/uart_rx/SR[0]                                                                               |                2 |              8 |
|  sys_clk/inst/clk_out1 | sigma/sigma_tile/riscv/gensticky_genpsticky_glbl_regfile[4][31]_i_1_n_0                  | sigma/sigma_tile/sfr/sw_reset_repN_5                                                                  |                3 |              8 |
|  sys_clk/inst/clk_out1 | sigma/sigma_tile/riscv/gensticky_genpsticky_glbl_regfile[16][31]_i_1_n_0                 | sigma/sigma_tile/sfr/sw_reset_repN_5                                                                  |                1 |              8 |
|  sys_clk/inst/clk_out1 | sigma/udm/udm_controller/tx_sendbyte_ff[7]_i_1_n_0                                       |                                                                                                       |                2 |              8 |
|  sys_clk/inst/clk_out1 | sigma/sigma_tile/riscv/gensticky_genpsticky_glbl_regfile[22][31]_i_1_n_0                 | sigma/sigma_tile/sfr/sw_reset_repN_8                                                                  |                3 |              8 |
|  sys_clk/inst/clk_out1 | sigma/sigma_tile/riscv/gensticky_genpsticky_glbl_regfile[10][31]_i_1_n_0                 | sigma/sigma_tile/sfr/sw_reset_repN_5                                                                  |                4 |              8 |
|  sys_clk/inst/clk_out1 | sigma/sigma_tile/riscv/gensticky_genpsticky_glbl_regfile[16][31]_i_1_n_0                 | sigma/sigma_tile/sfr/sw_reset_repN_8                                                                  |                2 |              8 |
|  sys_clk/inst/clk_out1 | sigma/udm/udm_controller/tx_sendbyte[7]_i_2_n_0                                          | sigma/udm/udm_controller/tx_sendbyte[7]_i_1_n_0                                                       |                3 |              8 |
|  sys_clk/inst/clk_out1 | sigma/udm/uart_rx/dout_bo[7]_i_1_n_0                                                     | sigma/reset_sync/Q[0]                                                                                 |                1 |              8 |
|  sys_clk/inst/clk_out1 | sigma/sigma_tile/riscv/gensticky_genpsticky_glbl_regfile[14][31]_i_1_n_0                 | sigma/sigma_tile/sfr/sw_reset_repN_5                                                                  |                3 |              8 |
|  sys_clk/inst/clk_out1 | sigma/udm/uart_tx/databuf                                                                | sigma/reset_sync/Q[0]                                                                                 |                2 |              8 |
|  sys_clk/inst/clk_out1 | sigma/udm/udm_controller/RD_DATA_reg[23]_i_1_n_0                                         | sigma/udm/udm_controller/RD_DATA_reg[31]_i_1_n_0                                                      |                7 |              8 |
|  sys_clk/inst/clk_out1 | sigma/sigma_tile/riscv/gensticky_genpsticky_glbl_regfile[15][31]_i_1_n_0                 | sigma/sigma_tile/sfr/sw_reset_repN_7                                                                  |                4 |              9 |
|  sys_clk/inst/clk_out1 | sigma/sigma_tile/riscv/gensticky_genpsticky_glbl_regfile[10][31]_i_1_n_0                 | sigma/sigma_tile/sfr/sw_reset_repN_7                                                                  |                4 |              9 |
|  sys_clk/inst/clk_out1 | sigma/sigma_tile/riscv/gensticky_genpsticky_glbl_regfile[2][31]_i_1_n_0                  | sigma/sigma_tile/sfr/sw_reset_repN_7                                                                  |                3 |              9 |
|  sys_clk/inst/clk_out1 | sigma/sigma_tile/riscv/gensticky_genpsticky_glbl_regfile[26][31]_i_1_n_0                 | sigma/sigma_tile/sfr/sw_reset_repN_8                                                                  |                3 |              9 |
|  sys_clk/inst/clk_out1 | sigma/sigma_tile/riscv/gensticky_genpsticky_glbl_regfile[30][31]_i_1_n_0                 | sigma/sigma_tile/sfr/sw_reset_repN_5                                                                  |                5 |              9 |
|  sys_clk/inst/clk_out1 | sigma/sigma_tile/riscv/gensticky_genpsticky_glbl_regfile[12][31]_i_1_n_0                 | sigma/sigma_tile/sfr/sw_reset                                                                         |                4 |              9 |
|  sys_clk/inst/clk_out1 | sigma/sigma_tile/riscv/gensticky_genpsticky_glbl_regfile[13][31]_i_1_n_0                 | sigma/sigma_tile/sfr/sw_reset_repN_7                                                                  |                4 |              9 |
|  sys_clk/inst/clk_out1 | sigma/sigma_tile/riscv/gensticky_genpsticky_glbl_regfile[11][31]_i_1_n_0                 | sigma/sigma_tile/sfr/sw_reset_repN_7                                                                  |                2 |              9 |
|  sys_clk/inst/clk_out1 | sigma/sigma_tile/riscv/gensticky_genpsticky_glbl_regfile[28][31]_i_1_n_0                 | sigma/sigma_tile/sfr/sw_reset_repN_8                                                                  |                4 |             10 |
|  sys_clk/inst/clk_out1 | sigma/sigma_tile/riscv/gensticky_genpsticky_glbl_regfile[8][31]_i_1_n_0                  | sigma/sigma_tile/sfr/sw_reset_repN_7                                                                  |                4 |             10 |
|  sys_clk/inst/clk_out1 | sigma/sigma_tile/riscv/gensticky_genpsticky_glbl_regfile[3][31]_i_1_n_0                  | sigma/sigma_tile/sfr/sw_reset_repN_7                                                                  |                3 |             10 |
|  sys_clk/inst/clk_out1 | sigma/sigma_tile/riscv/gensticky_genpsticky_glbl_regfile[17][31]_i_1_n_0                 | sigma/sigma_tile/sfr/sw_reset_repN_7                                                                  |                3 |             10 |
|  sys_clk/inst/clk_out1 | sigma/sigma_tile/riscv/gensticky_genpsticky_glbl_regfile[6][31]_i_1_n_0                  | sigma/sigma_tile/sfr/sw_reset_repN_7                                                                  |                2 |             10 |
|  sys_clk/inst/clk_out1 | sigma/sigma_tile/riscv/host\\.rdata[31]_i_8_0                                            | sigma/sigma_tile/riscv/bus_we_o_reg_1                                                                 |                3 |             11 |
|  sys_clk/inst/clk_out1 | sigma/sigma_tile/riscv/genpstage_WB_TRX_BUF                                              | sigma/sigma_tile/sfr/sw_reset_repN_2                                                                  |                4 |             11 |
|  sys_clk/inst/clk_out1 | sigma/sigma_tile/riscv/gensticky_genpsticky_glbl_regfile[14][31]_i_1_n_0                 | sigma/sigma_tile/sfr/sw_reset_repN_7                                                                  |                3 |             11 |
|  sys_clk/inst/clk_out1 | sigma/sigma_tile/riscv/gensticky_genpsticky_glbl_regfile[7][31]_i_1_n_0                  | sigma/sigma_tile/sfr/sw_reset_repN_7                                                                  |                6 |             11 |
|  sys_clk/inst/clk_out1 | sigma/sigma_tile/riscv/host\\.rdata[31]_i_8_0                                            | sigma/sigma_tile/riscv/bus_addr_bo_reg[1]_3                                                           |                5 |             11 |
|  sys_clk/inst/clk_out1 | sigma/sigma_tile/riscv/gensticky_genpsticky_glbl_regfile[4][31]_i_1_n_0                  | sigma/sigma_tile/sfr/sw_reset_repN_7                                                                  |                3 |             12 |
|  sys_clk/inst/clk_out1 | sigma/sigma_tile/riscv/gensticky_genpstage_IDECODE_TRX_BUF[0][curinstr_addr][31]_i_1_n_0 | sigma/sigma_tile/sfr/sw_reset_repN_3                                                                  |                4 |             13 |
|  sys_clk/inst/clk_out1 |                                                                                          | sigma/reset_sync/cpu_reset                                                                            |                9 |             14 |
|  sys_clk/inst/clk_out1 | sigma/sigma_tile/riscv/bus_we_o_reg_3                                                    |                                                                                                       |                3 |             16 |
|  sys_clk/inst/clk_out1 | sigma/sigma_tile/riscv/bus_we_o_reg_3                                                    | sigma/sigma_tile/riscv/m0_s2_rd_inprogress_reg                                                        |                4 |             16 |
|  sys_clk/inst/clk_out1 | sigma/sigma_tile/riscv/E[0]                                                              | sigma/reset_sync/cpu_reset                                                                            |                7 |             16 |
|  sys_clk/inst/clk_out1 | sigma/debouncer/counter[0]_i_1__0_n_0                                                    | sigma/reset_sync/Q[0]                                                                                 |                5 |             20 |
|  sys_clk/inst/clk_out1 |                                                                                          | sigma/sigma_tile/sfr/sw_reset_repN_4                                                                  |                8 |             23 |
|  sys_clk/inst/clk_out1 | sigma/udm/udm_controller/RD_DATA_reg[23]_i_1_n_0                                         |                                                                                                       |               10 |             24 |
|  sys_clk/inst/clk_out1 |                                                                                          | sigma/reset_sync/Q[0]                                                                                 |               17 |             26 |
|  sys_clk/inst/clk_out1 |                                                                                          | sigma/sigma_tile/sfr/sw_reset_repN_1                                                                  |               21 |             30 |
|  sys_clk/inst/clk_out1 | sigma/udm/uart_rx/bitperiod_o[28]_i_1_n_0                                                | sigma/reset_sync/Q[0]                                                                                 |                9 |             30 |
|  sys_clk/inst/clk_out1 | sigma/sigma_tile/riscv/sw_reset_o_reg_1[0]                                               | sigma/reset_sync/cpu_reset                                                                            |               15 |             32 |
|  sys_clk/inst/clk_out1 | sigma/sigma_tile/sfr/timer_value[31]_i_2_n_0                                             | sigma/sigma_tile/riscv/reset_syncbuf_reg[0][0]                                                        |                6 |             32 |
|  sys_clk/inst/clk_out1 | sigma/udm/uart_rx/clk_counter                                                            | sigma/reset_sync/Q[0]                                                                                 |               11 |             32 |
|  sys_clk/inst/clk_out1 | sigma/udm/uart_tx/clk_counter                                                            | sigma/reset_sync/Q[0]                                                                                 |                6 |             32 |
|  sys_clk/inst/clk_out1 | sigma/udm/udm_controller/bus_addr_bo[31]_i_1_n_0                                         | sigma/reset_sync/Q[0]                                                                                 |               14 |             32 |
|  sys_clk/inst/clk_out1 | sigma/udm/udm_controller/bus_wdata_bo[31]_i_1_n_0                                        | sigma/reset_sync/Q[0]                                                                                 |                8 |             32 |
|  sys_clk/inst/clk_out1 | sigma/udm/udm_controller/timeout_counter[31]_i_2_n_0                                     | sigma/udm/udm_controller/timeout_counter[31]_i_1_n_0                                                  |                9 |             32 |
|  sys_clk/inst/clk_out1 | sigma/udm/udm_controller/tr_length[31]_i_1_n_0                                           |                                                                                                       |               13 |             32 |
|  sys_clk/inst/clk_out1 |                                                                                          | sigma/sigma_tile/sfr/SR[0]                                                                            |                6 |             36 |
|  sys_clk/inst/clk_out1 |                                                                                          | sigma/sigma_tile/riscv/gensticky_genpstage_MEM_TRX_BUF[0][genmcopipe_handle_data_mem][tid][0]_i_1_n_0 |               11 |             37 |
|  sys_clk/inst/clk_out1 | sigma/sigma_tile/riscv/genpstage_WB_TRX_BUF                                              | sigma/sigma_tile/sfr/sw_reset_repN_1                                                                  |                9 |             37 |
|  sys_clk/inst/clk_out1 | sigma/sigma_tile/riscv/bus_addr_bo_reg[2][0]                                             |                                                                                                       |               14 |             48 |
|  sys_clk/inst/clk_out1 |                                                                                          | sigma/sigma_tile/sfr/sw_reset_repN_3                                                                  |               17 |             49 |
|  sys_clk/inst/clk_out1 | sigma/sigma_tile/riscv/p1_wb_reg[0]                                                      |                                                                                                       |               31 |             50 |
|  sys_clk/inst/clk_out1 | sigma/sigma_tile/riscv/gensticky_genpstage_MEM_TRX_BUF[0][mem_cmd][0]_i_1_n_0            | sigma/sigma_tile/sfr/sw_reset_repN_2                                                                  |               18 |             50 |
|  sys_clk/inst/clk_out1 | sigma/sigma_tile/riscv/gensticky_genpstage_IDECODE_TRX_BUF[0][curinstr_addr][31]_i_1_n_0 | sigma/sigma_tile/sfr/sw_reset_repN_4                                                                  |               13 |             51 |
|  sys_clk/inst/clk_out1 |                                                                                          |                                                                                                       |               33 |             59 |
|  sys_clk/inst/clk_out1 |                                                                                          | sigma/sigma_tile/sfr/sw_reset_repN_2                                                                  |               33 |             65 |
|  sys_clk/inst/clk_out1 | sigma/sigma_tile/riscv/gensticky_genpstage_MEM_TRX_BUF[0][mem_cmd][0]_i_1_n_0            | sigma/sigma_tile/sfr/sw_reset_repN_1                                                                  |               31 |             92 |
|  sys_clk/inst/clk_out1 | sigma/sigma_tile/riscv/gensticky_genpstage_EXEC_TRX_BUF[0][mem_cmd][0]_i_1_n_0           | sigma/sigma_tile/sfr/sw_reset_repN_3                                                                  |               43 |            106 |
|  sys_clk/inst/clk_out1 | sigma/sigma_tile/riscv/gensticky_genpstage_EXEC_TRX_BUF[0][mem_cmd][0]_i_1_n_0           | sigma/sigma_tile/sfr/sw_reset_repN                                                                    |               41 |            109 |
+------------------------+------------------------------------------------------------------------------------------+-------------------------------------------------------------------------------------------------------+------------------+----------------+


